COME GIVE GRANNY A KISS!
HUH?! SPEAK UP SONNY!
HUH?! SPEAK UP SONNY!
HUH?! SPEAK UP SONNY!
WHAT WAS THAT?!
HUH?! SPEAK UP SONNY!
NO, NOT SINCE 1940!
HUH?! SPEAK UP SONNY!
WHAT WAS THAT?!
WHAT WAS THAT?!
HUH?! SPEAK UP SONNY!
HUH?! SPEAK UP SONNY!
WHAT WAS THAT?!
WHAT WAS THAT?!